LLMTRACEv1
0	0	0.0468202	0	4	RMS_NORM	attn_norm-0	4096	1	1	1	1	f16	Metal	1	-0.0724111	-1.01082	6.29693	0.144693	1	Outlier feature L0: max 6.29 > 6.0
1	0.0468202	0.554717	0	2	MUL_MAT	Qcur-0	4096	16	1	1	2	f16	Metal	1	-0.0767949	-1.11529	2.00643	0.100224	0	
2	0.601538	0.337292	0	2	MUL_MAT	Kcur-0	4096	16	1	1	2	f16	Metal	1	-0.0322511	-0.80069	0.563211	0.0999765	0	
3	0.93883	0.483015	0	2	MUL_MAT	Vcur-0	4096	16	1	1	2	f16	Metal	1	0.147521	-1.15622	2.63256	0.0761882	0	
4	1.42185	0.587693	0	2	MUL_MAT	kq-0	16	16	32	1	3	f16	Metal	1	0.0697322	-0.718413	4.60364	0.181919	0	
5	2.00954	0.185606	0	2	SOFT_MAX	kq_soft_max-0	16	16	32	1	3	f32	Metal	1	-0.0616108	-1.01373	6.01556	0.186241	1	Outlier feature L0: max 6.01 > 6.0
6	2.19514	0.488964	0	2	MUL_MAT	kqv-0	16	16	32	1	3	f16	Metal	1	0.100305	-1.00024	2.12967	0.190026	0	
7	2.68411	0.422182	0	2	MUL_MAT	attn_out-0	4096	16	1	1	2	f16	Metal	1	-0.130379	-1.17887	5.1142	0.181826	0	
8	3.10629	0.0439951	0	4	RMS_NORM	ffn_norm-0	4096	1	1	1	1	f16	Metal	1	0.00936503	-0.875285	5.01182	0.071495	0	
9	3.15029	0.824412	0	3	MUL_MAT	ffn_gate-0	11008	16	1	1	2	f16	Metal	1	-0.0128989	-0.613373	1.7162	0.593055	0	
10	3.9747	1.0514	0	3	MUL_MAT	ffn_up-0	11008	16	1	1	2	f16	Metal	1	-0.0510461	-1.50229	3.31336	0.539503	0	
11	5.0261	0.917613	0	3	MUL_MAT	ffn_down-0	4096	16	1	1	2	f16	Metal	1	0.135167	-0.811339	5.24705	0.783166	0	
12	5.94371	0.0544648	0	0	ADD	l_out-0	4096	16	1	1	2	f16	Metal	1	0.0290501	-0.613666	2.18534	0.0167016	0	
13	5.99818	0.0564171	1	4	RMS_NORM	attn_norm-1	4096	1	1	1	1	f16	Metal	1	-0.0759163	-1.23332	2.1204	0.0740702	0	
14	6.05459	0.430182	1	2	MUL_MAT	Qcur-1	4096	16	1	1	2	f16	Metal	1	-0.0266631	-1.24599	2.98588	0.0825984	0	
15	6.48477	0.537542	1	2	MUL_MAT	Kcur-1	4096	16	1	1	2	f16	Metal	1	0.117428	-0.563024	2.67726	0.148224	0	
16	7.02232	0.42137	1	2	MUL_MAT	Vcur-1	4096	16	1	1	2	f16	Metal	1	0.00158205	-0.924872	4.24112	0.126876	0	
17	7.44369	0.779621	1	2	MUL_MAT	kq-1	16	16	32	1	3	f16	Metal	1	-0.0963457	-1.01123	2.83485	0.000285376	0	
18	8.22331	0.171071	1	2	SOFT_MAX	kq_soft_max-1	16	16	32	1	3	f32	Metal	1	-0.0241995	-1.23359	5.16621	0.104869	0	
19	8.39438	0.730618	1	2	MUL_MAT	kqv-1	16	16	32	1	3	f16	Metal	1	0.0946698	-1.3608	3.53121	0.136583	0	
20	9.125	0.374345	1	2	MUL_MAT	attn_out-1	4096	16	1	1	2	f16	Metal	1	-0.138504	-0.947357	4.25621	0.118519	0	
21	9.49934	0.0470536	1	4	RMS_NORM	ffn_norm-1	4096	1	1	1	1	f16	Metal	1	0.185988	-0.45764	6.35628	0.0895809	1	Outlier feature L1: max 6.35 > 6.0
22	9.54639	1.07599	1	3	MUL_MAT	ffn_gate-1	11008	16	1	1	2	f16	Metal	1	-0.0110704	-1.17278	5.53779	0.735427	0	
23	10.6224	1.00758	1	3	MUL_MAT	ffn_up-1	11008	16	1	1	2	f16	Metal	1	-0.0765065	-0.616153	3.20147	0.438239	0	
24	11.63	1.21537	1	3	MUL_MAT	ffn_down-1	4096	16	1	1	2	f16	Metal	1	-0.0056699	-0.908058	1.31559	0.672981	0	
25	12.8453	0.0660692	1	0	ADD	l_out-1	4096	16	1	1	2	f16	Metal	1	-0.0702295	-0.967407	2.23228	0.157163	0	
26	12.9114	0.0685401	2	4	RMS_NORM	attn_norm-2	4096	1	1	1	1	f16	Metal	1	-0.0968182	-1.04494	3.52247	0.15498	0	
27	12.9799	0.511134	2	2	MUL_MAT	Qcur-2	4096	16	1	1	2	f16	Metal	1	-0.0162554	-1.03865	1.14378	0.0921261	0	
28	13.4911	0.506771	2	2	MUL_MAT	Kcur-2	4096	16	1	1	2	f16	Metal	1	-0.000832355	-1.38812	1.68222	0.134984	0	
29	13.9978	0.512115	2	2	MUL_MAT	Vcur-2	4096	16	1	1	2	f16	Metal	1	-0.0927302	-1.53184	1.8289	0.00813116	0	
30	14.51	0.927782	2	2	MUL_MAT	kq-2	16	16	32	1	3	f16	Metal	1	-0.0456385	-0.822202	1.85291	0.0951529	0	
31	15.4377	0.255611	2	2	SOFT_MAX	kq_soft_max-2	16	16	32	1	3	f32	Metal	1	-0.0405977	-1.25784	5.50918	0.0294295	0	
32	15.6934	0.717149	2	2	MUL_MAT	kqv-2	16	16	32	1	3	f16	Metal	1	0.0563124	-0.51294	3.53241	0.0714141	0	
33	16.4105	0.579464	2	2	MUL_MAT	attn_out-2	4096	16	1	1	2	f16	Metal	1	-0.0103061	-0.938011	6.15116	0.119971	1	Outlier feature L2: max 6.15 > 6.0
34	16.99	0.0618448	2	4	RMS_NORM	ffn_norm-2	4096	1	1	1	1	f16	Metal	1	0.128491	-1.12929	5.19158	0.10268	0	
35	17.0518	0.81635	2	3	MUL_MAT	ffn_gate-2	11008	16	1	1	2	f16	Metal	1	-0.0318973	-0.923899	3.24692	0.775837	0	
36	17.8682	0.834976	2	3	MUL_MAT	ffn_up-2	11008	16	1	1	2	f16	Metal	1	0.0165769	-1.29672	4.1632	0.561459	0	
37	18.7031	1.09443	2	3	MUL_MAT	ffn_down-2	4096	16	1	1	2	f16	Metal	1	0.176724	-0.509275	1.44561	0.724929	0	
38	19.7976	0.0689105	2	0	ADD	l_out-2	4096	16	1	1	2	f16	Metal	1	0.0636634	-0.883269	1.35851	0.159616	0	
39	19.8665	0.0563282	3	4	RMS_NORM	attn_norm-3	4096	1	1	1	1	f16	Metal	1	-0.0326334	-0.702157	0.582307	0.156446	0	
40	19.9228	0.525674	3	2	MUL_MAT	Qcur-3	4096	16	1	1	2	f16	Metal	1	-0.00476083	-0.538435	1.81872	0.106529	0	
41	20.4485	0.511268	3	2	MUL_MAT	Kcur-3	4096	16	1	1	2	f16	Metal	1	0.00903645	-1.4661	3.43435	0.0548517	0	
42	20.9598	0.360584	3	2	MUL_MAT	Vcur-3	4096	16	1	1	2	f16	Metal	1	0.0109143	-1.36579	6.41771	0.181837	1	Outlier feature L3: max 6.41 > 6.0
43	21.3203	0.642964	3	2	MUL_MAT	kq-3	16	16	32	1	3	f16	Metal	1	0.0518228	-0.889707	6.01166	0.143846	1	Outlier feature L3: max 6.01 > 6.0
44	21.9633	0.261441	3	2	SOFT_MAX	kq_soft_max-3	16	16	32	1	3	f32	Metal	1	0.0340399	-0.634235	1.52343	0.132994	0	
45	22.2247	0.770821	3	2	MUL_MAT	kqv-3	16	16	32	1	3	f16	Metal	1	0.177822	-0.871892	2.73817	0.0329433	0	
46	22.9956	0.369593	3	2	MUL_MAT	attn_out-3	4096	16	1	1	2	f16	Metal	1	-0.0148453	-0.796379	2.8059	0.161574	0	
47	23.3652	0.041343	3	4	RMS_NORM	ffn_norm-3	4096	1	1	1	1	f16	Metal	1	-0.196713	-1.33519	2.47299	0.172578	0	
48	23.4065	1.06378	3	3	MUL_MAT	ffn_gate-3	11008	16	1	1	2	f16	Metal	1	-0.140205	-1.6395	0.498937	0.607112	0	
49	24.4703	0.896913	3	3	MUL_MAT	ffn_up-3	11008	16	1	1	2	f16	Metal	1	0.0786784	-0.520095	3.141	0.626707	0	
50	25.3672	0.882669	3	3	MUL_MAT	ffn_down-3	4096	16	1	1	2	f16	Metal	1	-0.0674571	-0.579248	3.97462	0.519686	0	
51	26.2499	0.0494032	3	0	ADD	l_out-3	4096	16	1	1	2	f16	Metal	1	0.197023	-1.27919	2.14664	0.110291	0	
52	26.2993	0.0421515	4	4	RMS_NORM	attn_norm-4	4096	1	1	1	1	f16	Metal	1	-0.0639729	-1.49059	1.89344	0.0917207	0	
53	26.3414	0.505146	4	2	MUL_MAT	Qcur-4	4096	16	1	1	2	f16	Metal	1	0.108132	-1.25807	2.71174	0.121923	0	
54	26.8466	0.529431	4	2	MUL_MAT	Kcur-4	4096	16	1	1	2	f16	Metal	1	0.165061	-0.358842	5.83195	0.054319	0	
55	27.376	0.386533	4	2	MUL_MAT	Vcur-4	4096	16	1	1	2	f16	Metal	1	0.0185346	-0.602098	3.22079	0.182143	0	
56	27.7625	0.572784	4	2	MUL_MAT	kq-4	16	16	32	1	3	f16	Metal	1	-0.114462	-1.28702	2.32833	0.0142679	0	
57	28.3353	0.203294	4	2	SOFT_MAX	kq_soft_max-4	16	16	32	1	3	f32	Metal	1	-0.126972	-1.04507	4.54916	0.0362809	0	
58	28.5386	0.667565	4	2	MUL_MAT	kqv-4	16	16	32	1	3	f16	Metal	1	-0.120604	-1.1556	4.28218	0.0634088	0	
59	29.2062	0.559014	4	2	MUL_MAT	attn_out-4	4096	16	1	1	2	f16	Metal	1	0.0756149	-0.584588	4.01618	0.0385016	0	
60	29.7652	0.0506353	4	4	RMS_NORM	ffn_norm-4	4096	1	1	1	1	f16	Metal	1	-0.0486495	-1.50724	1.68907	0.19561	0	
61	29.8158	0.831716	4	3	MUL_MAT	ffn_gate-4	11008	16	1	1	2	f16	Metal	1	0.131237	-0.844764	1.2725	0.716065	0	
62	30.6475	0.789086	4	3	MUL_MAT	ffn_up-4	11008	16	1	1	2	f16	Metal	1	-0.106932	-1.43393	3.09954	0.494974	0	
63	31.4366	1.29612	4	3	MUL_MAT	ffn_down-4	4096	16	1	1	2	f16	Metal	1	0.000722766	-1.31994	6.03634	0.420704	1	Outlier feature L4: max 6.03 > 6.0
64	32.7327	0.0480668	4	0	ADD	l_out-4	4096	16	1	1	2	f16	Metal	1	0.0600513	-0.616921	4.13378	0.107685	0	
65	32.7808	0.0561405	5	4	RMS_NORM	attn_norm-5	4096	1	1	1	1	f16	Metal	1	0.00470786	-1.24012	1.95782	0.189255	0	
66	32.8369	0.464854	5	2	MUL_MAT	Qcur-5	4096	16	1	1	2	f16	Metal	1	0.0965067	-0.691073	3.29473	0.134474	0	
67	33.3018	0.490892	5	2	MUL_MAT	Kcur-5	4096	16	1	1	2	f16	Metal	1	-0.0452179	-1.20167	0.479743	0.0293861	0	
68	33.7927	0.553634	5	2	MUL_MAT	Vcur-5	4096	16	1	1	2	f16	Metal	1	-0.185333	-1.64072	1.94784	0.0849251	0	
69	34.3463	0.809328	5	2	MUL_MAT	kq-5	16	16	32	1	3	f16	Metal	1	0.0436986	-0.49593	1.43347	0.197727	0	
70	35.1557	0.258249	5	2	SOFT_MAX	kq_soft_max-5	16	16	32	1	3	f32	Metal	1	0.0885104	-1.04799	2.19404	0.152217	0	
71	35.4139	0.547691	5	2	MUL_MAT	kqv-5	16	16	32	1	3	f16	Metal	1	0.124143	-0.683512	1.17035	0.0492787	0	
72	35.9616	0.520933	5	2	MUL_MAT	attn_out-5	4096	16	1	1	2	f16	Metal	1	0.0718387	-0.520066	3.26942	0.179122	0	
73	36.4825	0.0538683	5	4	RMS_NORM	ffn_norm-5	4096	1	1	1	1	f16	Metal	1	-0.0220751	-0.532559	1.10619	0.0523038	0	
74	36.5364	1.12621	5	3	MUL_MAT	ffn_gate-5	11008	16	1	1	2	f16	Metal	1	0.126758	-1.31073	4.40406	0.670274	0	
75	37.6626	0.989175	5	3	MUL_MAT	ffn_up-5	11008	16	1	1	2	f16	Metal	1	0.114168	-1.16116	1.48824	0.626021	0	
76	38.6518	0.933179	5	3	MUL_MAT	ffn_down-5	4096	16	1	1	2	f16	Metal	1	0.0322821	-0.948643	2.26852	0.526012	0	
77	39.585	0.0493688	5	0	ADD	l_out-5	4096	16	1	1	2	f16	Metal	1	0.0515406	-1.01741	2.10308	0.197153	0	
78	39.6343	0.051197	6	4	RMS_NORM	attn_norm-6	4096	1	1	1	1	f16	Metal	1	0.0719074	-1.32043	1.30447	0.167094	0	
79	39.6855	0.343843	6	2	MUL_MAT	Qcur-6	4096	16	1	1	2	f16	Metal	1	0.0531814	-1.09307	2.23846	0.0620989	0	
80	40.0294	0.500973	6	2	MUL_MAT	Kcur-6	4096	16	1	1	2	f16	Metal	1	0.156087	-0.886544	1.87714	0.0915198	0	
81	40.5303	0.534888	6	2	MUL_MAT	Vcur-6	4096	16	1	1	2	f16	Metal	1	0.018892	-0.538362	4.81664	0.111464	0	
82	41.0652	0.697723	6	2	MUL_MAT	kq-6	16	16	32	1	3	f16	Metal	1	0.0934329	-0.44184	0.94727	0.150704	0	
83	41.7629	0.227409	6	2	SOFT_MAX	kq_soft_max-6	16	16	32	1	3	f32	Metal	1	0.0331176	-1.36103	4.30146	0.119652	0	
84	41.9904	0.601332	6	2	MUL_MAT	kqv-6	16	16	32	1	3	f16	Metal	1	-0.102701	-1.58792	4.75321	0.0231428	0	
85	42.5917	0.374202	6	2	MUL_MAT	attn_out-6	4096	16	1	1	2	f16	Metal	1	-0.0488937	-1.28152	1.46919	0.074175	0	
86	42.9659	0.050844	6	4	RMS_NORM	ffn_norm-6	4096	1	1	1	1	f16	Metal	1	0.150613	-0.912358	2.61437	0.124826	0	
87	43.0167	1.09351	6	3	MUL_MAT	ffn_gate-6	11008	16	1	1	2	f16	Metal	1	0.0575952	-0.874184	2.53189	0.471967	0	
88	44.1102	1.05321	6	3	MUL_MAT	ffn_up-6	11008	16	1	1	2	f16	Metal	1	-0.101956	-1.02492	6.20852	0.653013	1	Outlier feature L6: max 6.20 > 6.0
89	45.1635	1.27535	6	3	MUL_MAT	ffn_down-6	4096	16	1	1	2	f16	Metal	1	-0.135987	-1.23515	2.15209	0.488655	0	
90	46.4388	0.0552935	6	0	ADD	l_out-6	4096	16	1	1	2	f16	Metal	1	-0.134009	-1.56246	5.03315	0.167318	0	
91	46.4941	0.0524095	7	4	RMS_NORM	attn_norm-7	4096	1	1	1	1	f16	Metal	1	0.172448	-0.857757	2.43988	0.00863399	0	
92	46.5465	0.543429	7	2	MUL_MAT	Qcur-7	4096	16	1	1	2	f16	Metal	1	0.0869047	-0.771321	4.7201	0.146284	0	
93	47.0899	0.44569	7	2	MUL_MAT	Kcur-7	4096	16	1	1	2	f16	Metal	1	0.152725	-0.439857	2.28628	0.0212118	0	
94	47.5356	0.355814	7	2	MUL_MAT	Vcur-7	4096	16	1	1	2	f16	Metal	1	0.137068	-0.524132	6.58105	0.0105512	1	Outlier feature L7: max 6.58 > 6.0
95	47.8914	0.579746	7	2	MUL_MAT	kq-7	16	16	32	1	3	f16	Metal	1	-0.121278	-1.56971	0.786197	0.0182584	0	
96	48.4712	0.221002	7	2	SOFT_MAX	kq_soft_max-7	16	16	32	1	3	f32	Metal	1	0.185093	-0.433537	6.46663	0.0429576	1	Outlier feature L7: max 6.46 > 6.0
97	48.6922	0.754706	7	2	MUL_MAT	kqv-7	16	16	32	1	3	f16	Metal	1	0.163571	-1.27456	2.08024	0.0939425	0	
98	49.4469	0.361523	7	2	MUL_MAT	attn_out-7	4096	16	1	1	2	f16	Metal	1	-0.105405	-1.60461	0.468325	0.00955464	0	
99	49.8084	0.0516834	7	4	RMS_NORM	ffn_norm-7	4096	1	1	1	1	f16	Metal	1	0.0156227	-1.11304	5.86602	0.194031	0	
100	49.8601	0.998835	7	3	MUL_MAT	ffn_gate-7	11008	16	1	1	2	f16	Metal	1	0.0437546	-0.890806	2.93537	0.74815	0	
101	50.8589	1.12517	7	3	MUL_MAT	ffn_up-7	11008	16	1	1	2	f16	Metal	1	0.147623	-0.46167	5.87905	0.678411	0	
102	51.9841	1.26798	7	3	MUL_MAT	ffn_down-7	4096	16	1	1	2	f16	Metal	1	-0.160885	-0.796756	2.13059	0.588695	0	
103	53.2521	0.0602302	7	0	ADD	l_out-7	4096	16	1	1	2	f16	Metal	1	0.00202134	-0.962492	5.49926	0.0338471	0	
104	53.3123	0.0520377	8	4	RMS_NORM	attn_norm-8	4096	1	1	1	1	f16	Metal	1	-0.0961716	-0.970371	0.734597	0.155097	0	
105	53.3644	0.366986	8	2	MUL_MAT	Qcur-8	4096	16	1	1	2	f16	Metal	1	0.0729534	-0.903674	3.10496	0.0207117	0	
106	53.7313	0.370878	8	2	MUL_MAT	Kcur-8	4096	16	1	1	2	f16	Metal	1	0.0121811	-1.42299	4.61762	0.0632094	0	
107	54.1022	0.534314	8	2	MUL_MAT	Vcur-8	4096	16	1	1	2	f16	Metal	1	0.0580825	-0.966221	1.67231	0.00780663	0	
108	54.6365	0.893052	8	2	MUL_MAT	kq-8	16	16	32	1	3	f16	Metal	1	0.0993872	-0.45257	3.11109	0.165389	0	
109	55.5296	0.161056	8	2	SOFT_MAX	kq_soft_max-8	16	16	32	1	3	f32	Metal	1	0.0586448	-1.11547	5.21185	0.0331428	0	
110	55.6906	0.603435	8	2	MUL_MAT	kqv-8	16	16	32	1	3	f16	Metal	1	-0.0205034	-1.47325	3.82907	0.0972467	0	
111	56.2941	0.537505	8	2	MUL_MAT	attn_out-8	4096	16	1	1	2	f16	Metal	1	0.097471	-1.14326	4.61794	0.0219856	0	
112	56.8316	0.0651639	8	4	RMS_NORM	ffn_norm-8	4096	1	1	1	1	f16	Metal	1	0.165568	-1.08367	1.59809	0.168523	0	
113	56.8967	1.19117	8	3	MUL_MAT	ffn_gate-8	11008	16	1	1	2	f16	Metal	1	-0.086598	-1.09715	4.85728	0.586651	0	
114	58.0879	1.20546	8	3	MUL_MAT	ffn_up-8	11008	16	1	1	2	f16	Metal	1	0.00501881	-0.790092	5.26191	0.644247	0	
115	59.2934	1.01175	8	3	MUL_MAT	ffn_down-8	4096	16	1	1	2	f16	Metal	1	-0.156726	-0.718085	5.34091	0.781728	0	
116	60.3051	0.0631983	8	0	ADD	l_out-8	4096	16	1	1	2	f16	Metal	1	0.123115	-0.94531	3.60589	0.0671743	0	
117	60.3683	0.0640177	9	4	RMS_NORM	attn_norm-9	4096	1	1	1	1	f16	Metal	1	-0.19895	-1.50686	5.44842	0.13978	0	
118	60.4323	0.551563	9	2	MUL_MAT	Qcur-9	4096	16	1	1	2	f16	Metal	1	-0.00267339	-0.758818	2.18134	0.0471525	0	
119	60.9839	0.355335	9	2	MUL_MAT	Kcur-9	4096	16	1	1	2	f16	Metal	1	-0.0335263	-1.07293	6.27848	0.0798898	1	Outlier feature L9: max 6.27 > 6.0
120	61.3392	0.405599	9	2	MUL_MAT	Vcur-9	4096	16	1	1	2	f16	Metal	1	0.136918	-0.823386	4.98704	0.0549085	0	
121	61.7448	0.561789	9	2	MUL_MAT	kq-9	16	16	32	1	3	f16	Metal	1	-0.115749	-1.0875	4.22468	0.0551769	0	
122	62.3066	0.213974	9	2	SOFT_MAX	kq_soft_max-9	16	16	32	1	3	f32	Metal	1	-0.167116	-1.59599	2.72315	0.0358011	0	
123	62.5206	0.709494	9	2	MUL_MAT	kqv-9	16	16	32	1	3	f16	Metal	1	-0.0090461	-1.15346	2.08516	0.0562586	0	
124	63.2301	0.48714	9	2	MUL_MAT	attn_out-9	4096	16	1	1	2	f16	Metal	1	-0.174621	-1.64423	3.81802	0.068492	0	
125	63.7172	0.0613704	9	4	RMS_NORM	ffn_norm-9	4096	1	1	1	1	f16	Metal	1	0.136088	-0.461536	2.80023	0.197515	0	
126	63.7786	1.25336	9	3	MUL_MAT	ffn_gate-9	11008	16	1	1	2	f16	Metal	1	0.0503477	-0.931646	3.55626	0.712233	0	
127	65.032	1.1141	9	3	MUL_MAT	ffn_up-9	11008	16	1	1	2	f16	Metal	1	-0.030468	-1.31243	4.74349	0.533501	0	
128	66.1461	1.06789	9	3	MUL_MAT	ffn_down-9	4096	16	1	1	2	f16	Metal	1	0.170883	-0.663305	3.92266	0.707161	0	
129	67.214	0.0480588	9	0	ADD	l_out-9	4096	16	1	1	2	f16	Metal	1	-0.0251213	-1.05117	5.84546	0.00455925	0	
130	67.262	0.0488852	10	4	RMS_NORM	attn_norm-10	4096	1	1	1	1	f16	Metal	1	-0.188332	-1.04003	6.22693	0.0752495	1	Outlier feature L10: max 6.22 > 6.0
131	67.3109	0.555487	10	2	MUL_MAT	Qcur-10	4096	16	1	1	2	f16	Metal	1	0.0482593	-0.563954	0.985833	0.177805	0	
132	67.8664	0.525826	10	2	MUL_MAT	Kcur-10	4096	16	1	1	2	f16	Metal	1	0.00158846	-0.7228	0.708261	0.0698717	0	
133	68.3922	0.456694	10	2	MUL_MAT	Vcur-10	4096	16	1	1	2	f16	Metal	1	0.18249	-1.1199	4.64125	0.190089	0	
134	68.8489	0.97656	10	2	MUL_MAT	kq-10	16	16	32	1	3	f16	Metal	1	0.12222	-0.659012	5.05798	0.0384727	0	
135	69.8255	0.218527	10	2	SOFT_MAX	kq_soft_max-10	16	16	32	1	3	f32	Metal	1	0.151793	-0.905771	6.64092	0.131341	1	Outlier feature L10: max 6.64 > 6.0
136	70.044	0.518733	10	2	MUL_MAT	kqv-10	16	16	32	1	3	f16	Metal	1	-0.0671289	-1.21349	2.81471	0.184276	0	
137	70.5627	0.607104	10	2	MUL_MAT	attn_out-10	4096	16	1	1	2	f16	Metal	1	0.194902	-1.24887	6.28408	0.184468	1	Outlier feature L10: max 6.28 > 6.0
138	71.1698	0.0688233	10	4	RMS_NORM	ffn_norm-10	4096	1	1	1	1	f16	Metal	1	-0.180523	-1.38284	5.81559	0.0725458	0	
139	71.2387	1.19508	10	3	MUL_MAT	ffn_gate-10	11008	16	1	1	2	f16	Metal	1	-0.0717337	-1.03345	3.17995	0.579392	0	
140	72.4337	0.839268	10	3	MUL_MAT	ffn_up-10	11008	16	1	1	2	f16	Metal	1	0.0420356	-1.21043	2.6582	0.488019	0	
141	73.273	0.969964	10	3	MUL_MAT	ffn_down-10	4096	16	1	1	2	f16	Metal	1	0.161971	-1.11035	5.59606	0.493983	0	
142	74.243	0.0596774	10	0	ADD	l_out-10	4096	16	1	1	2	f16	Metal	1	-0.100527	-0.670942	2.63114	0.165603	0	
143	74.3026	0.0549684	11	4	RMS_NORM	attn_norm-11	4096	1	1	1	1	f16	Metal	1	0.0474718	-0.676167	2.06359	0.114985	0	
144	74.3576	0.544646	11	2	MUL_MAT	Qcur-11	4096	16	1	1	2	f16	Metal	1	-0.185121	-1.5338	1.78069	0.0198527	0	
145	74.9023	0.369657	11	2	MUL_MAT	Kcur-11	4096	16	1	1	2	f16	Metal	1	0.179831	-0.732918	3.8622	0.129226	0	
146	75.2719	0.412776	11	2	MUL_MAT	Vcur-11	4096	16	1	1	2	f16	Metal	1	0.176369	-0.575244	3.1683	0.0689318	0	
147	75.6847	0.645686	11	2	MUL_MAT	kq-11	16	16	32	1	3	f16	Metal	1	-0.173936	-1.5358	5.92495	0.13945	0	
148	76.3304	0.209323	11	2	SOFT_MAX	kq_soft_max-11	16	16	32	1	3	f32	Metal	1	-0.093278	-1.29371	5.89155	0.103946	0	
149	76.5397	0.669454	11	2	MUL_MAT	kqv-11	16	16	32	1	3	f16	Metal	1	-0.0744162	-0.941772	1.24212	0.0976437	0	
150	77.2092	0.626089	11	2	MUL_MAT	attn_out-11	4096	16	1	1	2	f16	Metal	1	0.146981	-1.13748	1.76621	0.16554	0	
151	77.8352	0.0437312	11	4	RMS_NORM	ffn_norm-11	4096	1	1	1	1	f16	Metal	1	0.0017096	-0.797423	2.70312	0.124366	0	
152	77.879	1.05178	11	3	MUL_MAT	ffn_gate-11	11008	16	1	1	2	f16	Metal	1	-0.0418892	-0.933928	0.903237	0.459267	0	
153	78.9308	0.926676	11	3	MUL_MAT	ffn_up-11	11008	16	1	1	2	f16	Metal	1	0.119505	-0.695806	4.73681	0.630144	0	
154	79.8574	1.15952	11	3	MUL_MAT	ffn_down-11	4096	16	1	1	2	f16	Metal	1	-0.168257	-1.60881	1.31564	0.692009	0	
155	81.017	0.0760086	11	0	ADD	l_out-11	4096	16	1	1	2	f16	Metal	1	-0.160994	-0.909853	0.946319	0.138557	0	
156	81.093	0.0418193	0	4	RMS_NORM	attn_norm-0	4096	1	1	1	1	f16	Metal	1	0.0103407	-0.693913	6.12875	0.0507626	1	Outlier feature L0: max 6.12 > 6.0
157	81.1348	0.550611	0	2	MUL_MAT	Qcur-0	4096	16	1	1	2	f16	Metal	1	0.118613	-0.951384	1.59382	0.0737047	0	
158	81.6854	0.431971	0	2	MUL_MAT	Kcur-0	4096	16	1	1	2	f16	Metal	1	0.125263	-0.646946	5.7285	0.116715	0	
159	82.1174	0.494065	0	2	MUL_MAT	Vcur-0	4096	16	1	1	2	f16	Metal	1	-0.12657	-1.14202	5.0939	0.164133	0	
160	82.6114	0.607548	0	2	MUL_MAT	kq-0	16	16	32	1	3	f16	Metal	1	0.12062	-0.983033	4.53053	0.19792	0	
161	83.219	0.177889	0	2	SOFT_MAX	kq_soft_max-0	16	16	32	1	3	f32	Metal	1	-0.0537511	-1.04879	1.10444	0.126029	0	
162	83.3969	0.601511	0	2	MUL_MAT	kqv-0	16	16	32	1	3	f16	Metal	1	0.165594	-1.29902	6.54271	0.0970821	1	Outlier feature L0: max 6.54 > 6.0
163	83.9984	0.489249	0	2	MUL_MAT	attn_out-0	4096	16	1	1	2	f16	Metal	1	-0.17034	-1.573	3.66669	0.00318208	0	
164	84.4876	0.0660666	0	4	RMS_NORM	ffn_norm-0	4096	1	1	1	1	f16	Metal	1	-0.148371	-1.24734	2.62664	0.12474	0	
165	84.5537	0.948327	0	3	MUL_MAT	ffn_gate-0	11008	16	1	1	2	f16	Metal	1	-0.00937653	-1.06804	0.727075	0.456432	0	
166	85.502	0.812593	0	3	MUL_MAT	ffn_up-0	11008	16	1	1	2	f16	Metal	1	-0.0572821	-1.26085	6.17979	0.724899	1	Outlier feature L0: max 6.17 > 6.0
167	86.3146	1.12415	0	3	MUL_MAT	ffn_down-0	4096	16	1	1	2	f16	Metal	1	0.0337394	-0.508031	6.13395	0.698104	1	Outlier feature L0: max 6.13 > 6.0
168	87.4388	0.0632033	0	0	ADD	l_out-0	4096	16	1	1	2	f16	Metal	1	-0.0497109	-0.851594	1.15209	1.30385e-06	0	
169	87.502	0.043853	1	4	RMS_NORM	attn_norm-1	4096	1	1	1	1	f16	Metal	1	-0.179304	-0.689047	3.95569	0.196236	0	
170	87.5458	0.552626	1	2	MUL_MAT	Qcur-1	4096	16	1	1	2	f16	Metal	1	-0.0656497	-1.10246	3.60369	0.123637	0	
171	88.0984	0.480528	1	2	MUL_MAT	Kcur-1	4096	16	1	1	2	f16	Metal	1	-0.0132029	-1.43974	3.07847	0.0935017	0	
172	88.579	0.459891	1	2	MUL_MAT	Vcur-1	4096	16	1	1	2	f16	Metal	1	0.017809	-0.708731	6.50483	0.0484797	1	Outlier feature L1: max 6.50 > 6.0
173	89.0389	0.779287	1	2	MUL_MAT	kq-1	16	16	32	1	3	f16	Metal	1	0.0147039	-0.714501	5.4625	0.00605056	0	
174	89.8182	0.204209	1	2	SOFT_MAX	kq_soft_max-1	16	16	32	1	3	f32	Metal	1	-0.080519	-1.33046	2.64332	0.055414	0	
175	90.0224	0.790573	1	2	MUL_MAT	kqv-1	16	16	32	1	3	f16	Metal	1	0.0242088	-1.17829	6.48504	0.130664	1	Outlier feature L1: max 6.48 > 6.0
176	90.8129	0.60097	1	2	MUL_MAT	attn_out-1	4096	16	1	1	2	f16	Metal	1	-0.0198709	-0.593682	5.5717	0.0357531	0	
177	91.4139	0.0672781	1	4	RMS_NORM	ffn_norm-1	4096	1	1	1	1	f16	Metal	1	0.162815	-1.26502	1.13242	0.052698	0	
178	91.4812	1.22213	1	3	MUL_MAT	ffn_gate-1	11008	16	1	1	2	f16	Metal	1	-0.193827	-1.43132	1.11759	0.68718	0	
179	92.7033	1.16558	1	3	MUL_MAT	ffn_up-1	11008	16	1	1	2	f16	Metal	1	-0.0824018	-1.07923	2.74721	0.509173	0	
180	93.8689	1.0775	1	3	MUL_MAT	ffn_down-1	4096	16	1	1	2	f16	Metal	1	-0.0254409	-1.46	1.21765	0.713066	0	
181	94.9464	0.0503838	1	0	ADD	l_out-1	4096	16	1	1	2	f16	Metal	1	-0.197449	-1.07705	0.470847	0.0256966	0	
182	94.9968	0.0615597	2	4	RMS_NORM	attn_norm-2	4096	1	1	1	1	f16	Metal	1	0.065982	-0.68398	5.336	0.0759785	0	
183	95.0583	0.344809	2	2	MUL_MAT	Qcur-2	4096	16	1	1	2	f16	Metal	1	0.064141	-1.09468	1.63682	0.0785211	0	
184	95.4031	0.358766	2	2	MUL_MAT	Kcur-2	4096	16	1	1	2	f16	Metal	1	0.190131	-0.807263	1.36757	0.041675	0	
185	95.7619	0.390111	2	2	MUL_MAT	Vcur-2	4096	16	1	1	2	f16	Metal	1	0.188366	-0.435804	2.98898	0.156146	0	
186	96.152	0.677312	2	2	MUL_MAT	kq-2	16	16	32	1	3	f16	Metal	1	-0.0660152	-1.52169	3.18353	0.0810864	0	
187	96.8293	0.178623	2	2	SOFT_MAX	kq_soft_max-2	16	16	32	1	3	f32	Metal	1	-0.171325	-1.37654	3.05527	0.146712	0	
188	97.008	0.797275	2	2	MUL_MAT	kqv-2	16	16	32	1	3	f16	Metal	1	0.012409	-0.619103	4.85016	0.157977	0	
189	97.8052	0.592135	2	2	MUL_MAT	attn_out-2	4096	16	1	1	2	f16	Metal	1	-0.0614176	-0.865936	4.73233	0.0908964	0	
190	98.3974	0.0585893	2	4	RMS_NORM	ffn_norm-2	4096	1	1	1	1	f16	Metal	1	-0.101795	-0.892053	5.62634	0.162461	0	
191	98.456	0.895402	2	3	MUL_MAT	ffn_gate-2	11008	16	1	1	2	f16	Metal	1	0.142673	-0.390028	3.34216	0.71723	0	
192	99.3514	0.778619	2	3	MUL_MAT	ffn_up-2	11008	16	1	1	2	f16	Metal	1	-0.122298	-0.888141	2.26185	0.413761	0	
193	100.13	1.10151	2	3	MUL_MAT	ffn_down-2	4096	16	1	1	2	f16	Metal	1	0.183603	-0.436396	1.59622	0.568696	0	
194	101.231	0.0562892	2	0	ADD	l_out-2	4096	16	1	1	2	f16	Metal	1	-0.173019	-1.34088	2.93981	0.0838852	0	
195	101.288	0.06677	3	4	RMS_NORM	attn_norm-3	4096	1	1	1	1	f16	Metal	1	-0.0945904	-1.07172	3.87698	0.10308	0	
196	101.355	0.521049	3	2	MUL_MAT	Qcur-3	4096	16	1	1	2	f16	Metal	1	0.0440277	-0.620005	2.69121	0.00294372	0	
197	101.876	0.441597	3	2	MUL_MAT	Kcur-3	4096	16	1	1	2	f16	Metal	1	-0.0725943	-0.92784	5.41682	0.0584331	0	
198	102.317	0.505337	3	2	MUL_MAT	Vcur-3	4096	16	1	1	2	f16	Metal	1	0.0791749	-1.10429	3.48022	0.0167874	0	
199	102.823	0.790203	3	2	MUL_MAT	kq-3	16	16	32	1	3	f16	Metal	1	-0.178283	-1.47613	0.766014	0.181937	0	
200	103.613	0.160022	3	2	SOFT_MAX	kq_soft_max-3	16	16	32	1	3	f32	Metal	1	-0.035175	-1.34273	3.41553	0.00864958	0	
201	103.773	0.725563	3	2	MUL_MAT	kqv-3	16	16	32	1	3	f16	Metal	1	0.0098995	-1.08811	5.18894	0.190403	0	
202	104.498	0.530607	3	2	MUL_MAT	attn_out-3	4096	16	1	1	2	f16	Metal	1	-0.147527	-0.717466	2.03134	0.13408	0	
203	105.029	0.0476476	3	4	RMS_NORM	ffn_norm-3	4096	1	1	1	1	f16	Metal	1	0.132778	-1.0027	0.82155	0.0451866	0	
204	105.077	1.16821	3	3	MUL_MAT	ffn_gate-3	11008	16	1	1	2	f16	Metal	1	0.0705744	-1.31755	1.50438	0.509009	0	
205	106.245	1.12624	3	3	MUL_MAT	ffn_up-3	11008	16	1	1	2	f16	Metal	1	0.0788899	-0.690791	4.98156	0.419438	0	
206	107.371	1.17551	3	3	MUL_MAT	ffn_down-3	4096	16	1	1	2	f16	Metal	1	-0.0347336	-0.917815	1.32016	0.792271	0	
207	108.547	0.071424	3	0	ADD	l_out-3	4096	16	1	1	2	f16	Metal	1	-0.0441258	-0.760527	0.78334	0.0937736	0	
208	108.618	0.0431805	4	4	RMS_NORM	attn_norm-4	4096	1	1	1	1	f16	Metal	1	0.19362	-0.364088	2.37907	0.1865	0	
209	108.661	0.513499	4	2	MUL_MAT	Qcur-4	4096	16	1	1	2	f16	Metal	1	-0.199891	-0.953572	4.74003	0.0683416	0	
210	109.175	0.518221	4	2	MUL_MAT	Kcur-4	4096	16	1	1	2	f16	Metal	1	0.0471047	-1.07213	1.52792	0.0529835	0	
211	109.693	0.427765	4	2	MUL_MAT	Vcur-4	4096	16	1	1	2	f16	Metal	1	-0.0770201	-1.43258	6.29273	0.000138271	1	Outlier feature L4: max 6.29 > 6.0
212	110.121	0.976805	4	2	MUL_MAT	kq-4	16	16	32	1	3	f16	Metal	1	-0.185338	-1.25127	1.09791	0.036404	0	
213	111.097	0.256023	4	2	SOFT_MAX	kq_soft_max-4	16	16	32	1	3	f32	Metal	1	-0.0595513	-0.635746	0.569896	0.082	0	
214	111.353	0.686328	4	2	MUL_MAT	kqv-4	16	16	32	1	3	f16	Metal	1	-0.112259	-0.859453	5.19283	0.177047	0	
215	112.04	0.548161	4	2	MUL_MAT	attn_out-4	4096	16	1	1	2	f16	Metal	1	0.00579543	-0.656033	1.28091	0.0305199	0	
216	112.588	0.041858	4	4	RMS_NORM	ffn_norm-4	4096	1	1	1	1	f16	Metal	1	0.0285994	-0.59094	1.6522	0.125862	0	
217	112.63	0.789612	4	3	MUL_MAT	ffn_gate-4	11008	16	1	1	2	f16	Metal	1	0.127789	-0.544439	5.9029	0.791665	0	
218	113.419	1.16872	4	3	MUL_MAT	ffn_up-4	11008	16	1	1	2	f16	Metal	1	-0.067105	-1.07868	2.93715	0.605203	0	
219	114.588	1.09	4	3	MUL_MAT	ffn_down-4	4096	16	1	1	2	f16	Metal	1	-0.0324684	-0.622579	3.22746	0.662281	0	
220	115.678	0.0759482	4	0	ADD	l_out-4	4096	16	1	1	2	f16	Metal	1	-0.0777937	-0.678474	2.48275	0.00685245	0	
221	115.754	0.0610097	5	4	RMS_NORM	attn_norm-5	4096	1	1	1	1	f16	Metal	1	0.131733	-0.99864	6.56102	0.0800492	1	Outlier feature L5: max 6.56 > 6.0
222	115.815	0.539877	5	2	MUL_MAT	Qcur-5	4096	16	1	1	2	f16	Metal	1	-0.114755	-1.43617	3.52275	0.046036	0	
223	116.355	0.378155	5	2	MUL_MAT	Kcur-5	4096	16	1	1	2	f16	Metal	1	0.124064	-1.15821	3.456	0.111977	0	
224	116.733	0.322451	5	2	MUL_MAT	Vcur-5	4096	16	1	1	2	f16	Metal	1	0.0880029	-1.04188	1.98495	0.0789826	0	
225	117.056	0.88979	5	2	MUL_MAT	kq-5	16	16	32	1	3	f16	Metal	1	0.029781	-1.21707	1.3212	0.184466	0	
226	117.945	0.243914	5	2	SOFT_MAX	kq_soft_max-5	16	16	32	1	3	f32	Metal	1	-0.0858493	-1.49883	4.24654	0.056931	0	
227	118.189	0.601938	5	2	MUL_MAT	kqv-5	16	16	32	1	3	f16	Metal	1	-0.0642185	-0.623419	6.15803	0.173387	1	Outlier feature L5: max 6.15 > 6.0
228	118.791	0.401639	5	2	MUL_MAT	attn_out-5	4096	16	1	1	2	f16	Metal	1	-0.0940813	-1.1454	2.34885	0.101839	0	
229	119.193	0.0644181	5	4	RMS_NORM	ffn_norm-5	4096	1	1	1	1	f16	Metal	1	-0.0448042	-1.21439	1.31118	0.0317315	0	
230	119.257	1.06221	5	3	MUL_MAT	ffn_gate-5	11008	16	1	1	2	f16	Metal	1	-0.18078	-0.788639	2.12804	0.554565	0	
231	120.319	1.0806	5	3	MUL_MAT	ffn_up-5	11008	16	1	1	2	f16	Metal	1	-0.177143	-1.64482	6.26103	0.769868	1	Outlier feature L5: max 6.26 > 6.0
232	121.4	0.92817	5	3	MUL_MAT	ffn_down-5	4096	16	1	1	2	f16	Metal	1	-0.0799713	-0.952812	5.42275	0.580541	0	
233	122.328	0.0591289	5	0	ADD	l_out-5	4096	16	1	1	2	f16	Metal	1	-0.0712144	-1.38591	6.05169	0.173033	1	Outlier feature L5: max 6.05 > 6.0
234	122.387	0.0455805	6	4	RMS_NORM	attn_norm-6	4096	1	1	1	1	f16	Metal	1	-0.0649199	-0.64585	0.833467	0.106495	0	
235	122.433	0.477947	6	2	MUL_MAT	Qcur-6	4096	16	1	1	2	f16	Metal	1	-0.021897	-0.73162	4.41723	0.065526	0	
236	122.911	0.452122	6	2	MUL_MAT	Kcur-6	4096	16	1	1	2	f16	Metal	1	0.00888188	-1.0811	4.62384	0.0308435	0	
237	123.363	0.418586	6	2	MUL_MAT	Vcur-6	4096	16	1	1	2	f16	Metal	1	0.028837	-1.4709	5.1376	0.064487	0	
238	123.782	0.88985	6	2	MUL_MAT	kq-6	16	16	32	1	3	f16	Metal	1	-0.155054	-0.856668	4.68575	0.0922388	0	
239	124.671	0.22218	6	2	SOFT_MAX	kq_soft_max-6	16	16	32	1	3	f32	Metal	1	-0.0927336	-1.18875	4.72917	0.143531	0	
240	124.894	0.766528	6	2	MUL_MAT	kqv-6	16	16	32	1	3	f16	Metal	1	0.00819466	-1.19197	3.72222	0.16144	0	
241	125.66	0.59921	6	2	MUL_MAT	attn_out-6	4096	16	1	1	2	f16	Metal	1	-0.040987	-0.867106	3.45403	0.165462	0	
242	126.259	0.0555993	6	4	RMS_NORM	ffn_norm-6	4096	1	1	1	1	f16	Metal	1	-0.0962289	-1.38048	1.44221	0.0762563	0	
243	126.315	1.17105	6	3	MUL_MAT	ffn_gate-6	11008	16	1	1	2	f16	Metal	1	0.0546531	-1.25937	0.979041	0.653259	0	
244	127.486	0.898883	6	3	MUL_MAT	ffn_up-6	11008	16	1	1	2	f16	Metal	1	-0.182181	-0.748929	2.66535	0.467528	0	
245	128.385	1.14635	6	3	MUL_MAT	ffn_down-6	4096	16	1	1	2	f16	Metal	1	0.0600779	-0.7455	1.50719	0.497264	0	
246	129.531	0.0784754	6	0	ADD	l_out-6	4096	16	1	1	2	f16	Metal	1	0.0304095	-1.38122	5.44311	0.113924	0	
247	129.61	0.0464791	7	4	RMS_NORM	attn_norm-7	4096	1	1	1	1	f16	Metal	1	-0.00216877	-1.07912	1.14375	0.14374	0	
248	129.656	0.529565	7	2	MUL_MAT	Qcur-7	4096	16	1	1	2	f16	Metal	1	0.166929	-0.824698	3.10969	0.1751	0	
249	130.186	0.396255	7	2	MUL_MAT	Kcur-7	4096	16	1	1	2	f16	Metal	1	-0.0481714	-0.767423	1.9945	0.0588247	0	
250	130.582	0.495144	7	2	MUL_MAT	Vcur-7	4096	16	1	1	2	f16	Metal	1	-0.0241486	-1.40929	1.89016	0.0942364	0	
251	131.077	0.852285	7	2	MUL_MAT	kq-7	16	16	32	1	3	f16	Metal	1	-0.180616	-0.81943	4.70001	0.101486	0	
252	131.929	0.212181	7	2	SOFT_MAX	kq_soft_max-7	16	16	32	1	3	f32	Metal	1	-0.0835925	-1.0152	1.42755	0.0376089	0	
253	132.142	0.704201	7	2	MUL_MAT	kqv-7	16	16	32	1	3	f16	Metal	1	0.127612	-1.04446	3.23528	0.127265	0	
254	132.846	0.560544	7	2	MUL_MAT	attn_out-7	4096	16	1	1	2	f16	Metal	1	0.0433412	-0.914882	1.15786	0.17052	0	
255	133.406	0.0571364	7	4	RMS_NORM	ffn_norm-7	4096	1	1	1	1	f16	Metal	1	0.152724	-0.627596	3.11365	0.0202398	0	
256	133.464	1.13116	7	3	MUL_MAT	ffn_gate-7	11008	16	1	1	2	f16	Metal	1	-0.121278	-0.706379	0.877124	0.71238	0	
257	134.595	1.0547	7	3	MUL_MAT	ffn_up-7	11008	16	1	1	2	f16	Metal	1	-0.0516649	-1.12742	0.722526	0.48225	0	
258	135.649	0.941488	7	3	MUL_MAT	ffn_down-7	4096	16	1	1	2	f16	Metal	1	0.173304	-0.625968	5.28736	0.65117	0	
259	136.591	0.0654778	7	0	ADD	l_out-7	4096	16	1	1	2	f16	Metal	1	0.174047	-0.747087	3.40725	0.115435	0	
260	136.656	0.0650446	8	4	RMS_NORM	attn_norm-8	4096	1	1	1	1	f16	Metal	1	-0.176108	-0.948232	4.6949	0.12643	0	
261	136.721	0.538614	8	2	MUL_MAT	Qcur-8	4096	16	1	1	2	f16	Metal	1	-0.109671	-0.611379	3.45352	0.163497	0	
262	137.26	0.503472	8	2	MUL_MAT	Kcur-8	4096	16	1	1	2	f16	Metal	1	0.0808609	-1.11012	2.45127	0.0255754	0	
263	137.763	0.332781	8	2	MUL_MAT	Vcur-8	4096	16	1	1	2	f16	Metal	1	0.186365	-1.05039	2.54062	0.128282	0	
264	138.096	0.715357	8	2	MUL_MAT	kq-8	16	16	32	1	3	f16	Metal	1	-0.169224	-1.01473	4.6905	0.00652867	0	
265	138.812	0.279212	8	2	SOFT_MAX	kq_soft_max-8	16	16	32	1	3	f32	Metal	1	-0.0396913	-1.37633	5.2703	0.194838	0	
266	139.091	0.774493	8	2	MUL_MAT	kqv-8	16	16	32	1	3	f16	Metal	1	-0.111733	-1.07059	2.99704	0.169033	0	
267	139.865	0.413557	8	2	MUL_MAT	attn_out-8	4096	16	1	1	2	f16	Metal	1	-0.0318496	-1.20432	5.04277	0.0474439	0	
268	140.279	0.0517743	8	4	RMS_NORM	ffn_norm-8	4096	1	1	1	1	f16	Metal	1	0.148672	-0.762359	3.19838	0.115533	0	
269	140.331	1.20766	8	3	MUL_MAT	ffn_gate-8	11008	16	1	1	2	f16	Metal	1	0.0398237	-0.800317	2.3023	0.673661	0	
270	141.538	0.874044	8	3	MUL_MAT	ffn_up-8	11008	16	1	1	2	f16	Metal	1	-0.19865	-1.17093	3.73394	0.552542	0	
271	142.412	0.857863	8	3	MUL_MAT	ffn_down-8	4096	16	1	1	2	f16	Metal	1	-0.110113	-1.40682	3.26535	0.742736	0	
272	143.27	0.0587779	8	0	ADD	l_out-8	4096	16	1	1	2	f16	Metal	1	-0.0426451	-1.27531	6.08804	0.139026	1	Outlier feature L8: max 6.08 > 6.0
273	143.329	0.0619644	9	4	RMS_NORM	attn_norm-9	4096	1	1	1	1	f16	Metal	1	0.148819	-0.986545	3.34446	0.0131166	0	
274	143.391	0.443944	9	2	MUL_MAT	Qcur-9	4096	16	1	1	2	f16	Metal	1	-0.181709	-1.44164	2.9512	0.0460733	0	
275	143.835	0.332357	9	2	MUL_MAT	Kcur-9	4096	16	1	1	2	f16	Metal	1	-0.157787	-0.687189	1.07455	0.0320631	0	
276	144.167	0.377064	9	2	MUL_MAT	Vcur-9	4096	16	1	1	2	f16	Metal	1	-0.0871413	-1.39254	4.07446	0.0918229	0	
277	144.544	0.784935	9	2	MUL_MAT	kq-9	16	16	32	1	3	f16	Metal	1	0.0534282	-0.759673	4.45828	0.0597657	0	
278	145.329	0.226418	9	2	SOFT_MAX	kq_soft_max-9	16	16	32	1	3	f32	Metal	1	-0.0959372	-1.34173	5.94932	0.036138	0	
279	145.556	0.636474	9	2	MUL_MAT	kqv-9	16	16	32	1	3	f16	Metal	1	0.0580673	-1.08602	2.78334	0.192019	0	
280	146.192	0.432739	9	2	MUL_MAT	attn_out-9	4096	16	1	1	2	f16	Metal	1	0.107438	-0.785426	1.93261	0.11386	0	
281	146.625	0.0442569	9	4	RMS_NORM	ffn_norm-9	4096	1	1	1	1	f16	Metal	1	0.0446332	-1.40253	6.39138	0.140251	1	Outlier feature L9: max 6.39 > 6.0
282	146.669	1.19235	9	3	MUL_MAT	ffn_gate-9	11008	16	1	1	2	f16	Metal	1	-0.00776738	-1.42226	1.19806	0.650752	0	
283	147.862	1.22461	9	3	MUL_MAT	ffn_up-9	11008	16	1	1	2	f16	Metal	1	0.188631	-0.87001	3.94289	0.522638	0	
284	149.086	1.24506	9	3	MUL_MAT	ffn_down-9	4096	16	1	1	2	f16	Metal	1	-0.0756971	-1.29154	4.18275	0.540543	0	
285	150.331	0.0719733	9	0	ADD	l_out-9	4096	16	1	1	2	f16	Metal	1	-0.0186249	-1.26936	3.4221	0.0387731	0	
286	150.403	0.0475616	10	4	RMS_NORM	attn_norm-10	4096	1	1	1	1	f16	Metal	1	0.0030767	-1.44817	2.8233	0.092953	0	
287	150.451	0.399596	10	2	MUL_MAT	Qcur-10	4096	16	1	1	2	f16	Metal	1	-0.013142	-1.29169	5.9924	0.0512945	0	
288	150.85	0.355145	10	2	MUL_MAT	Kcur-10	4096	16	1	1	2	f16	Metal	1	0.0256943	-0.732427	5.50049	0.134506	0	
289	151.205	0.34416	10	2	MUL_MAT	Vcur-10	4096	16	1	1	2	f16	Metal	1	0.0347578	-0.916551	2.74508	0.0471119	0	
290	151.55	0.789185	10	2	MUL_MAT	kq-10	16	16	32	1	3	f16	Metal	1	0.051475	-0.586805	4.88453	0.154793	0	
291	152.339	0.27087	10	2	SOFT_MAX	kq_soft_max-10	16	16	32	1	3	f32	Metal	1	-0.0187812	-0.83814	4.21337	0.0708957	0	
292	152.61	0.695311	10	2	MUL_MAT	kqv-10	16	16	32	1	3	f16	Metal	1	-0.176232	-1.41505	5.29043	0.0116547	0	
293	153.305	0.54219	10	2	MUL_MAT	attn_out-10	4096	16	1	1	2	f16	Metal	1	-0.0937897	-1.40804	2.91039	0.158504	0	
294	153.847	0.053158	10	4	RMS_NORM	ffn_norm-10	4096	1	1	1	1	f16	Metal	1	0.129108	-0.862065	3.91157	0.110688	0	
295	153.9	0.813137	10	3	MUL_MAT	ffn_gate-10	11008	16	1	1	2	f16	Metal	1	-0.0857053	-0.922842	3.97071	0.656722	0	
296	154.713	1.20305	10	3	MUL_MAT	ffn_up-10	11008	16	1	1	2	f16	Metal	1	0.120867	-1.33348	4.91023	0.796413	0	
297	155.917	0.882563	10	3	MUL_MAT	ffn_down-10	4096	16	1	1	2	f16	Metal	1	-0.0410455	-0.98565	5.1274	0.706734	0	
298	156.799	0.0566259	10	0	ADD	l_out-10	4096	16	1	1	2	f16	Metal	1	-0.109988	-0.699236	6.01258	0.10869	1	Outlier feature L10: max 6.01 > 6.0
299	156.856	0.0697083	11	4	RMS_NORM	attn_norm-11	4096	1	1	1	1	f16	Metal	1	0.113716	-0.897542	3.64706	0.0601837	0	
300	156.925	0.384892	11	2	MUL_MAT	Qcur-11	4096	16	1	1	2	f16	Metal	1	0.16739	-0.994142	4.49918	0.159047	0	
301	157.31	0.41812	11	2	MUL_MAT	Kcur-11	4096	16	1	1	2	f16	Metal	1	0.130366	-0.530574	2.982	0.0951591	0	
302	157.728	0.416384	11	2	MUL_MAT	Vcur-11	4096	16	1	1	2	f16	Metal	1	-0.125758	-1.06147	4.19499	0.0479752	0	
303	158.145	0.883231	11	2	MUL_MAT	kq-11	16	16	32	1	3	f16	Metal	1	-0.0564271	-0.758655	2.99694	0.0077293	0	
304	159.028	0.244014	11	2	SOFT_MAX	kq_soft_max-11	16	16	32	1	3	f32	Metal	1	0.171733	-1.07077	0.78012	0.0477519	0	
305	159.272	0.542426	11	2	MUL_MAT	kqv-11	16	16	32	1	3	f16	Metal	1	0.0560918	-1.02444	2.68511	0.183926	0	
306	159.814	0.428575	11	2	MUL_MAT	attn_out-11	4096	16	1	1	2	f16	Metal	1	-0.15931	-1.19931	2.28463	0.0528756	0	
307	160.243	0.0622494	11	4	RMS_NORM	ffn_norm-11	4096	1	1	1	1	f16	Metal	1	-0.0131614	-0.816946	2.76058	0.0351969	0	
308	160.305	0.900136	11	3	MUL_MAT	ffn_gate-11	11008	16	1	1	2	f16	Metal	1	0.0125678	-0.858216	1.71946	0.744922	0	
309	161.205	1.01893	11	3	MUL_MAT	ffn_up-11	11008	16	1	1	2	f16	Metal	1	0.182597	-0.796668	5.48941	0.50122	0	
310	162.224	0.982096	11	3	MUL_MAT	ffn_down-11	4096	16	1	1	2	f16	Metal	1	0.0641853	-0.484173	1.41841	0.44779	0	
311	163.206	0.0750196	11	0	ADD	l_out-11	4096	16	1	1	2	f16	Metal	1	0.157927	-0.431166	1.78665	0.180552	0	
312	163.281	0.0577361	0	4	RMS_NORM	attn_norm-0	4096	1	1	1	1	f16	Metal	1	0.156999	-1.02913	3.44467	0.0747248	0	
313	163.339	0.342099	0	2	MUL_MAT	Qcur-0	4096	16	1	1	2	f16	Metal	1	0.105026	-0.689658	3.52103	0.148199	0	
314	163.681	0.421189	0	2	MUL_MAT	Kcur-0	4096	16	1	1	2	f16	Metal	1	0.0550658	-1.24782	2.20882	0.0431593	0	
315	164.103	0.517699	0	2	MUL_MAT	Vcur-0	4096	16	1	1	2	f16	Metal	1	-0.188164	-1.54828	3.56697	0.144439	0	
316	164.62	0.645686	0	2	MUL_MAT	kq-0	16	16	32	1	3	f16	Metal	1	0.0905365	-0.632355	5.38279	0.0128589	0	
317	165.266	0.166156	0	2	SOFT_MAX	kq_soft_max-0	16	16	32	1	3	f32	Metal	1	-0.121439	-1.36051	5.57153	0.0983033	0	
318	165.432	0.754144	0	2	MUL_MAT	kqv-0	16	16	32	1	3	f16	Metal	1	0.0401694	-0.742577	5.22394	0.0690534	0	
319	166.186	0.60157	0	2	MUL_MAT	attn_out-0	4096	16	1	1	2	f16	Metal	1	0.169271	-1.32811	6.52163	0.0203512	1	Outlier feature L0: max 6.52 > 6.0
320	166.788	0.0633776	0	4	RMS_NORM	ffn_norm-0	4096	1	1	1	1	f16	Metal	1	0.0224594	-1.02578	0.549752	0.0160063	0	
321	166.851	1.09891	0	3	MUL_MAT	ffn_gate-0	11008	16	1	1	2	f16	Metal	1	-0.0880287	-0.916682	2.51535	0.527117	0	
322	167.95	0.750066	0	3	MUL_MAT	ffn_up-0	11008	16	1	1	2	f16	Metal	1	0.0970712	-0.580224	0.924202	0.447299	0	
323	168.7	0.937866	0	3	MUL_MAT	ffn_down-0	4096	16	1	1	2	f16	Metal	1	-0.194802	-1.41242	5.62236	0.787137	0	
324	169.638	0.0735734	0	0	ADD	l_out-0	4096	16	1	1	2	f16	Metal	1	0.0523285	-0.467564	0.651021	0.0574296	0	
325	169.712	0.0435869	1	4	RMS_NORM	attn_norm-1	4096	1	1	1	1	f16	Metal	1	0.197538	-0.684197	5.62006	0.163659	0	
326	169.755	0.388153	1	2	MUL_MAT	Qcur-1	4096	16	1	1	2	f16	Metal	1	-0.1518	-1.05147	6.19363	0.0239997	1	Outlier feature L1: max 6.19 > 6.0
327	170.143	0.440689	1	2	MUL_MAT	Kcur-1	4096	16	1	1	2	f16	Metal	1	0.0768115	-1.37821	3.93964	0.0531794	0	
328	170.584	0.5098	1	2	MUL_MAT	Vcur-1	4096	16	1	1	2	f16	Metal	1	0.11015	-0.553806	1.37005	0.177181	0	
329	171.094	0.775306	1	2	MUL_MAT	kq-1	16	16	32	1	3	f16	Metal	1	-0.0321151	-0.657923	0.849484	0.156539	0	
330	171.869	0.26651	1	2	SOFT_MAX	kq_soft_max-1	16	16	32	1	3	f32	Metal	1	0.123806	-0.521255	3.44102	0.0234832	0	
331	172.136	0.5705	1	2	MUL_MAT	kqv-1	16	16	32	1	3	f16	Metal	1	0.0537988	-0.96115	1.26816	0.190022	0	
332	172.706	0.592362	1	2	MUL_MAT	attn_out-1	4096	16	1	1	2	f16	Metal	1	0.0258013	-0.798825	5.73601	0.007452	0	
333	173.298	0.0578712	1	4	RMS_NORM	ffn_norm-1	4096	1	1	1	1	f16	Metal	1	0.0299048	-1.15418	1.97913	0.195162	0	
334	173.356	1.02417	1	3	MUL_MAT	ffn_gate-1	11008	16	1	1	2	f16	Metal	1	0.192638	-0.581634	1.55896	0.640791	0	
335	174.381	0.898706	1	3	MUL_MAT	ffn_up-1	11008	16	1	1	2	f16	Metal	1	0.139173	-1.05892	1.59422	0.761919	0	
336	175.279	0.88974	1	3	MUL_MAT	ffn_down-1	4096	16	1	1	2	f16	Metal	1	-0.131191	-1.54605	4.98699	0.588535	0	
337	176.169	0.0590069	1	0	ADD	l_out-1	4096	16	1	1	2	f16	Metal	1	-0.16355	-1.34632	4.09819	0.0491547	0	
338	176.228	0.0449884	2	4	RMS_NORM	attn_norm-2	4096	1	1	1	1	f16	Metal	1	-0.183871	-1.11697	2.15261	0.18332	0	
339	176.273	0.35621	2	2	MUL_MAT	Qcur-2	4096	16	1	1	2	f16	Metal	1	-0.00649103	-0.948013	4.50131	0.0738574	0	
340	176.629	0.451085	2	2	MUL_MAT	Kcur-2	4096	16	1	1	2	f16	Metal	1	-0.0378544	-0.731117	4.6263	0.0294246	0	
341	177.08	0.556006	2	2	MUL_MAT	Vcur-2	4096	16	1	1	2	f16	Metal	1	0.0108396	-0.791287	1.12424	0.0999404	0	
342	177.636	0.944833	2	2	MUL_MAT	kq-2	16	16	32	1	3	f16	Metal	1	-0.0279192	-0.830571	3.62434	0.0733192	0	
343	178.581	0.227579	2	2	SOFT_MAX	kq_soft_max-2	16	16	32	1	3	f32	Metal	1	0.0178929	-0.550169	2.61637	0.00467543	0	
344	178.809	0.707793	2	2	MUL_MAT	kqv-2	16	16	32	1	3	f16	Metal	1	0.0500379	-0.820843	5.61516	0.0159002	0	
345	179.516	0.437392	2	2	MUL_MAT	attn_out-2	4096	16	1	1	2	f16	Metal	1	-0.19019	-1.38365	0.824868	0.151921	0	
346	179.954	0.0551619	2	4	RMS_NORM	ffn_norm-2	4096	1	1	1	1	f16	Metal	1	-0.111694	-1.58384	5.42528	0.0543663	0	
347	180.009	1.13179	2	3	MUL_MAT	ffn_gate-2	11008	16	1	1	2	f16	Metal	1	0.102766	-0.786714	1.52211	0.446294	0	
348	181.141	1.05779	2	3	MUL_MAT	ffn_up-2	11008	16	1	1	2	f16	Metal	1	0.109348	-0.655236	3.61679	0.763727	0	
349	182.199	1.22929	2	3	MUL_MAT	ffn_down-2	4096	16	1	1	2	f16	Metal	1	0.0291903	-0.597196	4.49588	0.764901	0	
350	183.428	0.0632628	2	0	ADD	l_out-2	4096	16	1	1	2	f16	Metal	1	0.0783269	-0.867781	1.10441	0.18727	0	
351	183.491	0.0465483	3	4	RMS_NORM	attn_norm-3	4096	1	1	1	1	f16	Metal	1	-0.0258503	-0.964202	5.8442	0.194133	0	
352	183.538	0.448156	3	2	MUL_MAT	Qcur-3	4096	16	1	1	2	f16	Metal	1	0.0338782	-0.777075	6.11359	0.178417	1	Outlier feature L3: max 6.11 > 6.0
353	183.986	0.421333	3	2	MUL_MAT	Kcur-3	4096	16	1	1	2	f16	Metal	1	-0.0674102	-1.1136	3.2802	0.128275	0	
354	184.407	0.525442	3	2	MUL_MAT	Vcur-3	4096	16	1	1	2	f16	Metal	1	0.131351	-0.578087	4.04462	0.17476	0	
355	184.933	0.800967	3	2	MUL_MAT	kq-3	16	16	32	1	3	f16	Metal	1	0.0396158	-0.826829	4.75988	0.067049	0	
356	185.734	0.277814	3	2	SOFT_MAX	kq_soft_max-3	16	16	32	1	3	f32	Metal	1	0.196594	-1.25049	6.11383	0.109121	1	Outlier feature L3: max 6.11 > 6.0
357	186.011	0.604693	3	2	MUL_MAT	kqv-3	16	16	32	1	3	f16	Metal	1	-0.184663	-1.65854	1.22153	0.00326819	0	
358	186.616	0.37321	3	2	MUL_MAT	attn_out-3	4096	16	1	1	2	f16	Metal	1	-0.0560033	-1.04261	0.591061	0.117398	0	
359	186.989	0.241179	3	4	RMS_NORM	ffn_norm-3	4096	1	1	1	1	f16	CPU (fallback)	1	-0.125002	-0.886442	0.892226	0.119425	1	CUDA/Metal OOM fallback: ffn_norm on CPU host memory (L3)
360	187.23	0.928318	3	3	MUL_MAT	ffn_gate-3	11008	16	1	1	2	f16	Metal	1	-0.126849	-1.5833	1.11885	0.461803	0	
361	188.159	0.843517	3	3	MUL_MAT	ffn_up-3	11008	16	1	1	2	f16	Metal	1	-0.0514431	-1.37931	1.22098	0.481749	0	
362	189.002	1.28637	3	3	MUL_MAT	ffn_down-3	4096	16	1	1	2	f16	Metal	1	-0.0388869	-0.979419	1.16206	0.685855	0	
363	190.289	0.049384	3	0	ADD	l_out-3	4096	16	1	1	2	f16	Metal	1	0.115274	-0.547789	2.7732	0.155727	0	
364	190.338	0.049246	4	4	RMS_NORM	attn_norm-4	4096	1	1	1	1	f16	Metal	1	0.0667772	-1.18721	0.573329	0.177858	0	
365	190.387	0.491156	4	2	MUL_MAT	Qcur-4	4096	16	1	1	2	f16	Metal	1	-0.18976	-1.2866	6.13248	0.0686169	1	Outlier feature L4: max 6.13 > 6.0
366	190.878	0.37852	4	2	MUL_MAT	Kcur-4	4096	16	1	1	2	f16	Metal	1	0.0329715	-0.531903	3.97203	0.163861	0	
367	191.257	0.454473	4	2	MUL_MAT	Vcur-4	4096	16	1	1	2	f16	Metal	1	0.169504	-0.618392	3.89053	0.02493	0	
368	191.711	0.681112	4	2	MUL_MAT	kq-4	16	16	32	1	3	f16	Metal	1	-0.187443	-1.44523	2.17773	0.0431581	0	
369	192.393	0.166252	4	2	SOFT_MAX	kq_soft_max-4	16	16	32	1	3	f32	Metal	1	-0.134051	-1.0141	5.73258	0.067162	0	
370	192.559	0.730934	4	2	MUL_MAT	kqv-4	16	16	32	1	3	f16	Metal	1	0.00185058	-1.05415	2.18975	0.0945421	0	
371	193.29	0.62354	4	2	MUL_MAT	attn_out-4	4096	16	1	1	2	f16	Metal	1	0.0977231	-1.2464	5.99646	0.0256304	0	
372	193.913	0.0474518	4	4	RMS_NORM	ffn_norm-4	4096	1	1	1	1	f16	Metal	1	-0.0322544	-0.774123	0.896886	0.0728673	0	
373	193.961	1.14772	4	3	MUL_MAT	ffn_gate-4	11008	16	1	1	2	f16	Metal	1	0.10727	-1.15616	2.36182	0.518432	0	
374	195.108	0.894631	4	3	MUL_MAT	ffn_up-4	11008	16	1	1	2	f16	Metal	1	0.0209936	-1.4295	1.86268	0.597754	0	
375	196.003	1.13255	4	3	MUL_MAT	ffn_down-4	4096	16	1	1	2	f16	Metal	1	0.0690278	-1.38672	4.87432	0.772165	0	
376	197.136	0.0537032	4	0	ADD	l_out-4	4096	16	1	1	2	f16	Metal	1	0.165457	-0.705168	3.14512	0.188936	0	
377	197.189	0.364411	5	4	RMS_NORM	attn_norm-5	4096	1	1	1	1	f16	CPU (fallback)	1	0.110735	-0.806764	5.52621	0.0354297	1	CUDA/Metal OOM fallback: attn_norm on CPU host memory (L5)
378	197.554	0.34884	5	2	MUL_MAT	Qcur-5	4096	16	1	1	2	f16	Metal	1	0.0132757	-1.30257	6.31782	0.00436263	1	Outlier feature L5: max 6.31 > 6.0
379	197.903	0.350974	5	2	MUL_MAT	Kcur-5	4096	16	1	1	2	f16	Metal	1	-0.0326243	-1.19699	1.92186	0.113437	0	
380	198.254	0.422967	5	2	MUL_MAT	Vcur-5	4096	16	1	1	2	f16	Metal	1	-0.0209583	-1.32854	2.30995	0.0476253	0	
381	198.677	0.64678	5	2	MUL_MAT	kq-5	16	16	32	1	3	f16	Metal	1	0.192712	-0.820971	1.08156	0.0213307	0	
382	199.323	0.242689	5	2	SOFT_MAX	kq_soft_max-5	16	16	32	1	3	f32	Metal	1	-0.11706	-1.55207	1.27348	0.162285	0	
383	199.566	0.797235	5	2	MUL_MAT	kqv-5	16	16	32	1	3	f16	Metal	1	-0.141169	-0.71412	0.43349	0.0848069	0	
384	200.363	0.603794	5	2	MUL_MAT	attn_out-5	4096	16	1	1	2	f16	Metal	1	0.19393	-1.14743	5.0071	0.118758	0	
385	200.967	0.0596325	5	4	RMS_NORM	ffn_norm-5	4096	1	1	1	1	f16	Metal	1	-0.0935954	-1.24052	1.9978	0.11171	0	
386	201.027	1.02026	5	3	MUL_MAT	ffn_gate-5	11008	16	1	1	2	f16	Metal	1	0.160772	-1.1788	2.3947	0.57038	0	
387	202.047	0.923003	5	3	MUL_MAT	ffn_up-5	11008	16	1	1	2	f16	Metal	1	-0.197269	-0.904628	5.09747	0.524685	0	
388	202.97	1.01468	5	3	MUL_MAT	ffn_down-5	4096	16	1	1	2	f16	Metal	1	-0.183191	-0.701021	4.29595	0.51747	0	
389	203.985	0.0480774	5	0	ADD	l_out-5	4096	16	1	1	2	f16	Metal	1	0.0798465	-0.500773	4.75543	0.0694797	0	
390	204.033	0.0558337	6	4	RMS_NORM	attn_norm-6	4096	1	1	1	1	f16	Metal	1	-0.0821262	-0.962232	5.481	0.191542	0	
391	204.089	0.435871	6	2	MUL_MAT	Qcur-6	4096	16	1	1	2	f16	Metal	1	-0.0710512	-0.838871	1.57754	0.19857	0	
392	204.524	0.387085	6	2	MUL_MAT	Kcur-6	4096	16	1	1	2	f16	Metal	1	-0.137407	-1.07815	1.63246	0.139548	0	
393	204.911	0.511553	6	2	MUL_MAT	Vcur-6	4096	16	1	1	2	f16	Metal	1	-0.170419	-0.987068	5.68609	0.0070535	0	
394	205.423	0.802782	6	2	MUL_MAT	kq-6	16	16	32	1	3	f16	Metal	1	-0.0470633	-1.13905	1.0921	0.145913	0	
395	206.226	0.191318	6	2	SOFT_MAX	kq_soft_max-6	16	16	32	1	3	f32	Metal	1	-0.0404263	-1.36115	1.65371	0.154787	0	
396	206.417	0.790194	6	2	MUL_MAT	kqv-6	16	16	32	1	3	f16	Metal	1	-0.00864739	-1.26466	5.981	0.134623	0	
397	207.207	0.509612	6	2	MUL_MAT	attn_out-6	4096	16	1	1	2	f16	Metal	1	-0.0607508	-1.4182	2.85578	0.0451924	0	
398	207.717	0.0599503	6	4	RMS_NORM	ffn_norm-6	4096	1	1	1	1	f16	Metal	1	0.116843	-1.17385	5.26525	0.0144998	0	
399	207.777	0.742164	6	3	MUL_MAT	ffn_gate-6	11008	16	1	1	2	f16	Metal	1	-0.0744558	-1.19209	6.02207	0.701876	1	Outlier feature L6: max 6.02 > 6.0
400	208.519	1.1021	6	3	MUL_MAT	ffn_up-6	11008	16	1	1	2	f16	Metal	1	-0.138126	-1.4184	3.26155	0.466218	0	
401	209.621	0.771356	6	3	MUL_MAT	ffn_down-6	4096	16	1	1	2	f16	Metal	1	0.143809	-0.916142	3.76373	0.756844	0	
402	210.393	0.0570138	6	0	ADD	l_out-6	4096	16	1	1	2	f16	Metal	1	-0.11226	-0.798926	0.534405	0.17632	0	
403	210.45	0.0502039	7	4	RMS_NORM	attn_norm-7	4096	1	1	1	1	f16	Metal	1	-0.0588053	-1.25881	4.0945	0.140193	0	
404	210.5	0.426396	7	2	MUL_MAT	Qcur-7	4096	16	1	1	2	f16	Metal	1	0.175278	-1.20569	1.81634	0.0292575	0	
405	210.926	0.366561	7	2	MUL_MAT	Kcur-7	4096	16	1	1	2	f16	Metal	1	-0.0206055	-1.13201	4.00529	0.105615	0	
406	211.293	0.349325	7	2	MUL_MAT	Vcur-7	4096	16	1	1	2	f16	Metal	1	0.103556	-1.30329	0.990165	0.124368	0	
407	211.642	0.81534	7	2	MUL_MAT	kq-7	16	16	32	1	3	f16	Metal	1	-0.0204675	-0.893579	6.17144	0.121241	1	Outlier feature L7: max 6.17 > 6.0
408	212.457	0.168581	7	2	SOFT_MAX	kq_soft_max-7	16	16	32	1	3	f32	Metal	1	-0.141682	-0.94289	1.57876	0.126676	0	
409	212.626	0.695537	7	2	MUL_MAT	kqv-7	16	16	32	1	3	f16	Metal	1	-0.0816815	-1.10771	2.33002	0.0106191	0	
410	213.321	0.44684	7	2	MUL_MAT	attn_out-7	4096	16	1	1	2	f16	Metal	1	-0.0334993	-1.51802	4.1638	0.188638	0	
411	213.768	0.0646069	7	4	RMS_NORM	ffn_norm-7	4096	1	1	1	1	f16	Metal	1	-0.174495	-1.66114	0.766403	0.0690996	0	
412	213.833	0.835727	7	3	MUL_MAT	ffn_gate-7	11008	16	1	1	2	f16	Metal	1	0.131103	-0.515257	1.85465	0.558009	0	
413	214.669	1.21395	7	3	MUL_MAT	ffn_up-7	11008	16	1	1	2	f16	Metal	1	-0.0958407	-0.800953	4.80345	0.542401	0	
414	215.883	1.25493	7	3	MUL_MAT	ffn_down-7	4096	16	1	1	2	f16	Metal	1	0.144211	-1.23075	1.10046	0.645911	0	
415	217.138	0.0751921	7	0	ADD	l_out-7	4096	16	1	1	2	f16	Metal	1	0.138505	-1.22954	1.2923	0.0173254	0	
416	217.213	0.0521579	8	4	RMS_NORM	attn_norm-8	4096	1	1	1	1	f16	Metal	1	0.164041	-0.543208	3.67739	0.0520426	0	
417	217.265	0.497539	8	2	MUL_MAT	Qcur-8	4096	16	1	1	2	f16	Metal	1	-0.0114722	-0.533166	5.28215	0.191133	0	
418	217.762	0.330784	8	2	MUL_MAT	Kcur-8	4096	16	1	1	2	f16	Metal	1	0.133921	-0.527743	3.83533	0.12799	0	
419	218.093	0.347451	8	2	MUL_MAT	Vcur-8	4096	16	1	1	2	f16	Metal	1	-0.149956	-1.64763	6.13735	0.0865996	1	Outlier feature L8: max 6.13 > 6.0
420	218.441	0.58896	8	2	MUL_MAT	kq-8	16	16	32	1	3	f16	Metal	1	-0.193368	-0.858388	5.49835	0.108452	0	
421	219.03	0.264435	8	2	SOFT_MAX	kq_soft_max-8	16	16	32	1	3	f32	Metal	1	-0.00310261	-0.76015	1.93871	0.0798759	0	
422	219.294	0.684828	8	2	MUL_MAT	kqv-8	16	16	32	1	3	f16	Metal	1	0.0689034	-1.08179	0.638685	0.144655	0	
423	219.979	0.447684	8	2	MUL_MAT	attn_out-8	4096	16	1	1	2	f16	Metal	1	-0.115083	-0.985721	5.62835	0.174721	0	
424	220.427	0.0671825	8	4	RMS_NORM	ffn_norm-8	4096	1	1	1	1	f16	Metal	1	-0.0330401	-0.94366	6.44626	0.157633	1	Outlier feature L8: max 6.44 > 6.0
425	220.494	0.994486	8	3	MUL_MAT	ffn_gate-8	11008	16	1	1	2	f16	Metal	1	0.129317	-1.09164	6.08286	0.700988	1	Outlier feature L8: max 6.08 > 6.0
426	221.488	0.900777	8	3	MUL_MAT	ffn_up-8	11008	16	1	1	2	f16	Metal	1	0.0767688	-0.637158	0.937356	0.594077	0	
427	222.389	1.08931	8	3	MUL_MAT	ffn_down-8	4096	16	1	1	2	f16	Metal	1	0.0732653	-0.449801	4.0438	0.42877	0	
428	223.478	0.0723769	8	0	ADD	l_out-8	4096	16	1	1	2	f16	Metal	1	-0.136026	-1.6061	5.44778	0.187948	0	
429	223.551	0.0479031	9	4	RMS_NORM	attn_norm-9	4096	1	1	1	1	f16	Metal	1	0.140518	-0.529563	4.34705	0.125626	0	
430	223.599	0.377205	9	2	MUL_MAT	Qcur-9	4096	16	1	1	2	f16	Metal	1	0.135929	-1.12644	2.95303	0.00552379	0	
431	223.976	0.349861	9	2	MUL_MAT	Kcur-9	4096	16	1	1	2	f16	Metal	1	0.127267	-0.583868	1.37902	0.0801896	0	
432	224.326	0.528964	9	2	MUL_MAT	Vcur-9	4096	16	1	1	2	f16	Metal	1	-0.025582	-0.532385	5.6195	0.111188	0	
433	224.855	0.575122	9	2	MUL_MAT	kq-9	16	16	32	1	3	f16	Metal	1	-0.134171	-1.01379	2.27234	0.0596328	0	
434	225.43	0.179697	9	2	SOFT_MAX	kq_soft_max-9	16	16	32	1	3	f32	Metal	1	-0.144125	-1.12346	5.08102	0.0683642	0	
435	225.609	0.574271	9	2	MUL_MAT	kqv-9	16	16	32	1	3	f16	Metal	1	-0.114853	-1.22654	5.5775	0.0488697	0	
436	226.184	0.622443	9	2	MUL_MAT	attn_out-9	4096	16	1	1	2	f16	Metal	1	-0.124775	-0.874263	1.69001	0.19771	0	
437	226.806	0.0448412	9	4	RMS_NORM	ffn_norm-9	4096	1	1	1	1	f16	Metal	1	0.179961	-0.761291	1.05637	0.167679	0	
438	226.851	0.981137	9	3	MUL_MAT	ffn_gate-9	11008	16	1	1	2	f16	Metal	1	-0.161006	-0.768834	4.58205	0.612853	0	
439	227.832	1.24172	9	3	MUL_MAT	ffn_up-9	11008	16	1	1	2	f16	Metal	1	-0.0897486	-1.39542	4.45019	0.723792	0	
440	229.074	1.08534	9	3	MUL_MAT	ffn_down-9	4096	16	1	1	2	f16	Metal	1	0.0161052	-1.39293	2.91814	0.680974	0	
441	230.159	0.051501	9	0	ADD	l_out-9	4096	16	1	1	2	f16	Metal	1	0.164694	-1.00177	2.82696	0.096682	0	
442	230.211	0.0464014	10	4	RMS_NORM	attn_norm-10	4096	1	1	1	1	f16	Metal	1	-0.199366	-1.55484	1.27012	0.0456066	0	
443	230.257	0.35052	10	2	MUL_MAT	Qcur-10	4096	16	1	1	2	f16	Metal	1	-0.106641	-1.56667	3.1206	0.0854881	0	
444	230.608	0.448398	10	2	MUL_MAT	Kcur-10	4096	16	1	1	2	f16	Metal	1	0.160126	-0.796814	3.27673	0.16559	0	
445	231.056	0.422943	10	2	MUL_MAT	Vcur-10	4096	16	1	1	2	f16	Metal	1	0.0948715	-1.16219	1.08121	0.104551	0	
446	231.479	0.593469	10	2	MUL_MAT	kq-10	16	16	32	1	3	f16	Metal	1	-0.168324	-1.17765	5.03205	0.17112	0	
447	232.072	0.223734	10	2	SOFT_MAX	kq_soft_max-10	16	16	32	1	3	f32	Metal	1	0.160552	-0.732239	6.38357	0.00512831	1	Outlier feature L10: max 6.38 > 6.0
448	232.296	0.732466	10	2	MUL_MAT	kqv-10	16	16	32	1	3	f16	Metal	1	0.145224	-0.747376	5.7807	0.0646686	0	
449	233.029	0.459838	10	2	MUL_MAT	attn_out-10	4096	16	1	1	2	f16	Metal	1	-0.0550784	-0.972781	6.37735	0.0671524	1	Outlier feature L10: max 6.37 > 6.0
450	233.488	0.0487506	10	4	RMS_NORM	ffn_norm-10	4096	1	1	1	1	f16	Metal	1	-0.0158003	-1.10595	0.763956	0.101379	0	
451	233.537	0.75825	10	3	MUL_MAT	ffn_gate-10	11008	16	1	1	2	f16	Metal	1	-0.0247476	-1.23209	5.78389	0.619626	0	
452	234.295	1.23797	10	3	MUL_MAT	ffn_up-10	11008	16	1	1	2	f16	Metal	1	0.0223571	-0.607109	5.88391	0.556028	0	
453	235.533	1.00865	10	3	MUL_MAT	ffn_down-10	4096	16	1	1	2	f16	Metal	1	0.0849185	-0.8092	4.30166	0.426266	0	
454	236.542	0.0736886	10	0	ADD	l_out-10	4096	16	1	1	2	f16	Metal	1	-0.123789	-1.23404	1.18704	0.124913	0	
455	236.616	0.0426478	11	4	RMS_NORM	attn_norm-11	4096	1	1	1	1	f16	Metal	1	-0.0988591	-1.21384	2.05298	0.121696	0	
456	236.658	0.328949	11	2	MUL_MAT	Qcur-11	4096	16	1	1	2	f16	Metal	1	0.0802893	-1.25804	2.04282	0.0883057	0	
457	236.987	0.449225	11	2	MUL_MAT	Kcur-11	4096	16	1	1	2	f16	Metal	1	0.0907888	-0.482734	1.73309	0.171697	0	
458	237.437	0.339216	11	2	MUL_MAT	Vcur-11	4096	16	1	1	2	f16	Metal	1	0.020595	-0.690407	2.25884	0.0930326	0	
459	237.776	0.769013	11	2	MUL_MAT	kq-11	16	16	32	1	3	f16	Metal	1	0.153508	-0.879715	1.14307	0.187208	0	
460	238.545	0.164197	11	2	SOFT_MAX	kq_soft_max-11	16	16	32	1	3	f32	Metal	1	-0.159158	-1.33538	4.43763	0.0859565	0	
461	238.709	0.772406	11	2	MUL_MAT	kqv-11	16	16	32	1	3	f16	Metal	1	0.170234	-0.997278	3.9591	0.162521	0	
462	239.481	0.593153	11	2	MUL_MAT	attn_out-11	4096	16	1	1	2	f16	Metal	1	0.00830779	-1.27209	5.13598	0.0264511	0	
463	240.075	0.0561167	11	4	RMS_NORM	ffn_norm-11	4096	1	1	1	1	f16	Metal	1	0.109318	-0.576333	5.25574	0.0527478	0	
464	240.131	0.966386	11	3	MUL_MAT	ffn_gate-11	11008	16	1	1	2	f16	Metal	1	-0.0336371	-1.29097	0.520154	0.423626	0	
465	241.097	0.896784	11	3	MUL_MAT	ffn_up-11	11008	16	1	1	2	f16	Metal	1	-0.0887346	-1.443	4.34491	0.599022	0	
466	241.994	0.992147	11	3	MUL_MAT	ffn_down-11	4096	16	1	1	2	f16	Metal	1	-0.0578504	-1.55225	4.2411	0.776809	0	
467	242.986	0.0662619	11	0	ADD	l_out-11	4096	16	1	1	2	f16	Metal	1	-0.0731462	-0.621649	1.2971	0.0657663	0	
468	243.052	0.0679925	0	4	RMS_NORM	attn_norm-0	4096	1	1	1	1	f16	Metal	1	-0.0858445	-1.22435	5.36164	0.103987	0	
469	243.12	0.554625	0	2	MUL_MAT	Qcur-0	4096	16	1	1	2	f16	Metal	1	0.0611165	-0.697471	2.60316	0.141103	0	
470	243.675	0.340699	0	2	MUL_MAT	Kcur-0	4096	16	1	1	2	f16	Metal	1	-0.145896	-1.26752	4.42881	0.0390655	0	
471	244.016	0.322259	0	2	MUL_MAT	Vcur-0	4096	16	1	1	2	f16	Metal	1	-0.0560433	-1.46525	5.15998	0.0558702	0	
472	244.338	0.975926	0	2	MUL_MAT	kq-0	16	16	32	1	3	f16	Metal	1	-0.0128665	-1.19268	5.82639	0.134173	0	
473	245.314	0.240811	0	2	SOFT_MAX	kq_soft_max-0	16	16	32	1	3	f32	Metal	1	0.0678192	-1.42455	1.14778	0.0449447	0	
474	245.555	0.83555	0	2	MUL_MAT	kqv-0	16	16	32	1	3	f16	Metal	1	-0.0493695	-0.871033	2.67239	0.0188529	0	
475	246.39	0.609007	0	2	MUL_MAT	attn_out-0	4096	16	1	1	2	f16	Metal	1	0.0800721	-0.517205	0.965338	0.0950584	0	
476	246.999	0.0650215	0	4	RMS_NORM	ffn_norm-0	4096	1	1	1	1	f16	Metal	1	-0.0893577	-0.669303	4.73206	0.080745	0	
477	247.064	0.805502	0	3	MUL_MAT	ffn_gate-0	11008	16	1	1	2	f16	Metal	1	0.0764394	-0.769039	1.48074	0.400259	0	
478	247.87	1.05239	0	3	MUL_MAT	ffn_up-0	11008	16	1	1	2	f16	Metal	1	0.135874	-0.574591	1.48391	0.728323	0	
479	248.922	1.304	0	3	MUL_MAT	ffn_down-0	4096	16	1	1	2	f16	Metal	1	0.180715	-0.565764	2.59395	0.778412	0	
480	250.226	0.0734529	0	0	ADD	l_out-0	4096	16	1	1	2	f16	Metal	1	0.175378	-1.11655	1.37469	0.125481	0	
481	250.3	0.0606959	1	4	RMS_NORM	attn_norm-1	4096	1	1	1	1	f16	Metal	1	0.0422014	-1.28141	4.6996	0.026541	0	
482	250.36	0.417899	1	2	MUL_MAT	Qcur-1	4096	16	1	1	2	f16	Metal	1	0.0263144	-1.03769	2.97537	0.0742794	0	
483	250.778	0.412592	1	2	MUL_MAT	Kcur-1	4096	16	1	1	2	f16	Metal	1	0.0219931	-0.574418	5.4057	0.0014206	0	
484	251.191	0.393476	1	2	MUL_MAT	Vcur-1	4096	16	1	1	2	f16	Metal	1	-0.0633845	-0.986861	5.31891	0.11576	0	
485	251.584	0.961249	1	2	MUL_MAT	kq-1	16	16	32	1	3	f16	Metal	1	0.0641484	-0.525317	5.23943	0.0694269	0	
486	252.545	0.264413	1	2	SOFT_MAX	kq_soft_max-1	16	16	32	1	3	f32	Metal	1	-0.161486	-1.48717	1.09542	0.0223897	0	
487	252.81	0.723287	1	2	MUL_MAT	kqv-1	16	16	32	1	3	f16	Metal	1	0.0793201	-0.510074	6.57289	0.189138	1	Outlier feature L1: max 6.57 > 6.0
488	253.533	0.430192	1	2	MUL_MAT	attn_out-1	4096	16	1	1	2	f16	Metal	1	0.0608641	-1.04526	3.55044	0.0941173	0	
489	253.963	0.0553583	1	4	RMS_NORM	ffn_norm-1	4096	1	1	1	1	f16	Metal	1	-0.114405	-1.09464	2.53825	0.161127	0	
490	254.019	1.14668	1	3	MUL_MAT	ffn_gate-1	11008	16	1	1	2	f16	Metal	1	0.0462888	-1.108	3.08026	0.456269	0	
491	255.165	0.846591	1	3	MUL_MAT	ffn_up-1	11008	16	1	1	2	f16	Metal	1	0.0146646	-0.764507	4.51063	0.770365	0	
492	256.012	1.22669	1	3	MUL_MAT	ffn_down-1	4096	16	1	1	2	f16	Metal	1	0.0134081	-1.17188	3.79213	0.595154	0	
493	257.239	0.067214	1	0	ADD	l_out-1	4096	16	1	1	2	f16	Metal	1	0.0189731	-0.536437	2.98674	0.10807	0	
494	257.306	0.0424563	2	4	RMS_NORM	attn_norm-2	4096	1	1	1	1	f16	Metal	1	0.0184074	-0.727643	3.34853	0.131892	0	
495	257.348	0.532721	2	2	MUL_MAT	Qcur-2	4096	16	1	1	2	f16	Metal	1	-0.131993	-1.43212	1.46645	0.157284	0	
496	257.881	0.371171	2	2	MUL_MAT	Kcur-2	4096	16	1	1	2	f16	Metal	1	0.197159	-0.336461	4.38401	0.0407495	0	
497	258.252	0.45685	2	2	MUL_MAT	Vcur-2	4096	16	1	1	2	f16	Metal	1	-0.0190698	-0.643914	2.11074	0.0200353	0	
498	258.709	0.979096	2	2	MUL_MAT	kq-2	16	16	32	1	3	f16	Metal	1	0.173443	-0.680907	3.72711	0.0127188	0	
499	259.688	0.22138	2	2	SOFT_MAX	kq_soft_max-2	16	16	32	1	3	f32	Metal	1	-0.0847484	-1.28218	4.32496	0.0920515	0	
500	259.91	0.527292	2	2	MUL_MAT	kqv-2	16	16	32	1	3	f16	Metal	1	-0.155353	-1.17019	1.61265	0.013818	0	
501	260.437	0.557213	2	2	MUL_MAT	attn_out-2	4096	16	1	1	2	f16	Metal	1	-0.016771	-1.45582	6.41085	0.00838496	1	Outlier feature L2: max 6.41 > 6.0
502	260.994	0.0571154	2	4	RMS_NORM	ffn_norm-2	4096	1	1	1	1	f16	Metal	1	0.132344	-0.793382	4.47571	0.19472	0	
503	261.051	1.14147	2	3	MUL_MAT	ffn_gate-2	11008	16	1	1	2	f16	Metal	1	-0.172736	-0.840111	3.07214	0.615112	0	
504	262.193	1.09849	2	3	MUL_MAT	ffn_up-2	11008	16	1	1	2	f16	Metal	1	0.134727	-1.25982	3.73257	0.781981	0	
505	263.291	1.26407	2	3	MUL_MAT	ffn_down-2	4096	16	1	1	2	f16	Metal	1	0.108361	-1.14373	1.89555	0.763207	0	
506	264.555	0.0664228	2	0	ADD	l_out-2	4096	16	1	1	2	f16	Metal	1	0.0024647	-0.614919	1.12653	0.0813375	0	
507	264.622	0.0695627	3	4	RMS_NORM	attn_norm-3	4096	1	1	1	1	f16	Metal	1	-0.123836	-0.82283	5.49689	0.0861705	0	
508	264.691	0.394237	3	2	MUL_MAT	Qcur-3	4096	16	1	1	2	f16	Metal	1	-0.159669	-1.59702	5.97042	0.133564	0	
509	265.085	0.546641	3	2	MUL_MAT	Kcur-3	4096	16	1	1	2	f16	Metal	1	0.11926	-1.14747	6.58689	0.158325	1	Outlier feature L3: max 6.58 > 6.0
510	265.632	0.394448	3	2	MUL_MAT	Vcur-3	4096	16	1	1	2	f16	Metal	1	-0.0532385	-1.40195	2.26469	0.0669553	0	
511	266.026	0.907331	3	2	MUL_MAT	kq-3	16	16	32	1	3	f16	Metal	1	0.0799929	-1.12984	0.654101	0.101916	0	
512	266.934	0.18044	3	2	SOFT_MAX	kq_soft_max-3	16	16	32	1	3	f32	Metal	1	-0.12507	-1.22594	4.90356	0.124902	0	
513	267.114	0.7268	3	2	MUL_MAT	kqv-3	16	16	32	1	3	f16	Metal	1	0.127134	-0.439192	5.41128	0.0499143	0	
514	267.841	0.511456	3	2	MUL_MAT	attn_out-3	4096	16	1	1	2	f16	Metal	1	0.172904	-1.17957	5.30703	0.0465002	0	
515	268.352	0.0669107	3	4	RMS_NORM	ffn_norm-3	4096	1	1	1	1	f16	Metal	1	0.190065	-0.830056	1.22369	0.0544266	0	
516	268.419	0.927399	3	3	MUL_MAT	ffn_gate-3	11008	16	1	1	2	f16	Metal	1	-0.0409999	-1.31408	1.28639	0.572146	0	
517	269.347	1.05564	3	3	MUL_MAT	ffn_up-3	11008	16	1	1	2	f16	Metal	1	-0.055448	-1.36513	0.552054	0.598724	0	
518	270.402	0.844291	3	3	MUL_MAT	ffn_down-3	4096	16	1	1	2	f16	Metal	1	-0.0185335	-0.661755	2.55727	0.714026	0	
519	271.247	0.0596977	3	0	ADD	l_out-3	4096	16	1	1	2	f16	Metal	1	0.186546	-0.927244	3.43645	0.170485	0	
